// Jest Snapshot v1, https://goo.gl/fbAQLP

exports[`Test onRegisterScreen should call show correctly 1`] = `
Array [
  <h3
    className="auth__title"
  >
    Register
  </h3>,
  <form
    className="animate__animated animate__fadeIn animate_faster"
    onSubmit={[Function]}
  >
    <input
      autoComplete="off"
      className="auth__input"
      name="name"
      onChange={[Function]}
      placeholder="Name"
      type="text"
      value="benny"
    />
    <input
      autoComplete="off"
      className="auth__input"
      name="email"
      onChange={[Function]}
      placeholder="Email"
      type="text"
      value="benny@gmail.com"
    />
    <input
      className="auth__input"
      name="password"
      onChange={[Function]}
      placeholder="password"
      type="Password"
      value="123456"
    />
    <input
      autoComplete="off"
      className="auth__input"
      name="passeord2"
      onChange={[Function]}
      placeholder="Confirm password"
      type="text"
      value="123456"
    />
    <button
      className="btn btn-primary btn-block mb-1"
      type="submit"
    >
      Register
    </button>
    <a
      className="link"
      href="/auth/login"
      onClick={[Function]}
    >
      Already register ?
    </a>
  </form>,
]
`;
